            --------------------------------------------------------
                             AMBER SQM VERSION 14
 
                                     By
              Ross C. Walker, Michael F. Crowley, Scott Brozell,
                         Tim Giese, Andreas W. Goetz,
                        Tai-Sung Lee and David A. Case
 
            --------------------------------------------------------
 

--------------------------------------------------------------------------------
  QM CALCULATION INFO
--------------------------------------------------------------------------------

| QMMM: Citation for AMBER QMMM Run:
| QMMM: R.C. Walker, M.F. Crowley and D.A. Case, J. COMP. CHEM. 29:1019, 2008

QMMM: SINGLET STATE CALCULATION
QMMM: RHF CALCULATION, NO. OF DOUBLY OCCUPIED LEVELS = 16

| QMMM: *** Selected Hamiltonian *** 
| QMMM: AM1         

| QMMM: *** Parameter sets in use ***
| QMMM: C : M.J.S.DEWAR et al. JACS, 107, 3902, (1985)
| QMMM: O : M.J.S.DEWAR et al. JACS, 107, 3902, (1985)
| QMMM: H : M.J.S.DEWAR et al. JACS, 107, 3902, (1985)

| QMMM: *** SCF convergence criteria ***
| QMMM: Energy change                :  0.1D-09 kcal/mol
| QMMM: Error matrix |FP-PF|         :  0.1D+00 au
| QMMM: Density matrix change        :  0.1D-09
| QMMM: Maximum number of SCF cycles :      500

| QMMM: *** Diagonalization Routine Information ***
| QMMM: Pseudo diagonalizations are allowed.
| QMMM: Auto diagonalization routine selection is in use.
| QMMM:
| QMMM: Timing diagonalization routines:
| QMMM:                              norbs =       30
| QMMM:    diag iterations used for timing =       20
| QMMM:
| QMMM:              Internal diag routine = 0.004125 seconds
| QMMM:                 Dspev diag routine = 0.003329 seconds
| QMMM:                Dspevd diag routine = 0.002810 seconds
| QMMM:                Dspevx diag routine = 0.011266 seconds
| QMMM:                 Dsyev diag routine = 0.002846 seconds
| QMMM:                Dsyevd diag routine = 0.001968 seconds
| QMMM:                Dsyevr diag routine = 0.002050 seconds
| QMMM:
| QMMM:                Pseudo diag routine = 0.000410 seconds
| QMMM:
| QMMM: Using dsyevd routine (diag_routine=6).

  QMMM: QM Region Cartesian Coordinates (*=link atom) 
  QMMM: QM_NO.   MM_NO.  ATOM         X         Y         Z
  QMMM:     1        1      C       -0.4650   -0.0650    0.9890
  QMMM:     2        2      C        0.5610   -0.3990    2.0720
  QMMM:     3        3      C        1.6270    0.6910    2.1570
  QMMM:     4        4      C        1.2040   -1.7600    1.8120
  QMMM:     5        5      O       -0.1080   -0.4450    3.3330
  QMMM:     6        6      H       -1.2320   -0.8450    0.9250
  QMMM:     7        7      H       -0.9580    0.8930    1.1830
  QMMM:     8        8      H        0.0100   -0.0160    0.0030
  QMMM:     9        9      H        2.3650    0.4550    2.9320
  QMMM:    10       10      H        1.1820    1.6520    2.4370
  QMMM:    11       11      H        2.1530    0.8170    1.2050
  QMMM:    12       12      H        1.9390   -2.0000    2.5880
  QMMM:    13       13      H        0.4570   -2.5600    1.7840
  QMMM:    14       14      H        1.7480   -1.7590    0.8600
  QMMM:    15       15      H       -0.7830   -1.1370    3.2590

--------------------------------------------------------------------------------
  RESULTS
--------------------------------------------------------------------------------

      iter         sqm energy              rms gradient
      ----    -------------------    -----------------------
xmin    10      -71.7057 kcal/mol        0.0124 kcal/(mol*A)
  ... geometry converged !
 
 Final MO eigenvalues (eV):
 -39.2082  -33.3528  -28.0553  -28.0462  -21.0607  -17.5255  -16.0640  -15.5504
 -14.2747  -13.4656  -13.0168  -12.7173  -12.5820  -12.5041  -11.7690  -10.9902
   3.4390    3.7400    3.8423    4.0494    4.3666    4.4672    4.5878    4.7272
   4.7722    4.8629    5.0155    5.1304    5.1551    6.3935

 Heat of formation   =        -71.70574605 kcal/mol  (       -3.10939448 eV)

 Total SCF energy    =     -22398.07790897 kcal/mol  (     -971.25354100 eV)
 Electronic energy   =     -85508.93980539 kcal/mol  (    -3707.94587422 eV)
 Core-core repulsion =      63110.86189642 kcal/mol  (     2736.69233322 eV)
 
    Atomic Charges for Step       1 :
  Atom    Element       Mulliken Charge
     1      C                 -0.240
     2      C                  0.074
     3      C                 -0.201
     4      C                 -0.240
     5      O                 -0.326
     6      H                  0.072
     7      H                  0.089
     8      H                  0.083
     9      H                  0.087
    10      H                  0.087
    11      H                  0.076
    12      H                  0.089
    13      H                  0.072
    14      H                  0.083
    15      H                  0.196
 Total Mulliken Charge =       0.000
 
                  X        Y        Z     TOTAL  
  QM DIPOLE    -0.095   -0.777   -1.416    1.618
 
 Final Structure

  QMMM: QM Region Cartesian Coordinates (*=link atom) 
  QMMM: QM_NO.   MM_NO.  ATOM         X         Y         Z
  QMMM:     1        1      C       -0.4586   -0.0769    0.9857
  QMMM:     2        2      C        0.5602   -0.4046    2.0706
  QMMM:     3        3      C        1.6192    0.6874    2.1581
  QMMM:     4        4      C        1.2067   -1.7567    1.7949
  QMMM:     5        5      O       -0.0789   -0.4223    3.3489
  QMMM:     6        6      H       -1.2286   -0.8821    0.9202
  QMMM:     7        7      H       -0.9697    0.8864    1.2230
  QMMM:     8        8      H        0.0512    0.0149   -0.0017
  QMMM:     9        9      H        2.3441    0.4500    2.9723
  QMMM:    10       10      H        1.1372    1.6675    2.3858
  QMMM:    11       11      H        2.1629    0.7588    1.1875
  QMMM:    12       12      H        1.9091   -2.0176    2.6219
  QMMM:    13       13      H        0.4274   -2.5526    1.7249
  QMMM:    14       14      H        1.7720   -1.7209    0.8345
  QMMM:    15       15      H       -0.7541   -1.1092    3.3125

           --------- Calculation Completed ----------

