CUDA DEVICES: 2
lambda is:  0.7000
NaN or Inf has been generated along the simulation
Starting /export/users/common/BioSimSpace/sire.app/bin/somd-freenrg: number of threads equals 32
srun: error: node01: task 0: Exited with exit code 255
